------------------------------------------------------------
Timing Analyzer Summary
------------------------------------------------------------

Type  : Slow 1100mV 85C Model Setup 'clock1:clk|out'
Slack : -4.850
TNS   : -7999.276

Type  : Slow 1100mV 85C Model Setup 'CLOCK_50'
Slack : -3.585
TNS   : -9.758

Type  : Slow 1100mV 85C Model Hold 'CLOCK_50'
Slack : 0.398
TNS   : 0.000

Type  : Slow 1100mV 85C Model Hold 'clock1:clk|out'
Slack : 0.442
TNS   : 0.000

Type  : Slow 1100mV 85C Model Minimum Pulse Width 'clock1:clk|out'
Slack : -0.513
TNS   : -1518.960

Type  : Slow 1100mV 85C Model Minimum Pulse Width 'CLOCK_50'
Slack : -0.409
TNS   : -4.955

Type  : Slow 1100mV 0C Model Setup 'clock1:clk|out'
Slack : -4.790
TNS   : -7836.127

Type  : Slow 1100mV 0C Model Setup 'CLOCK_50'
Slack : -3.438
TNS   : -10.095

Type  : Slow 1100mV 0C Model Hold 'CLOCK_50'
Slack : 0.394
TNS   : 0.000

Type  : Slow 1100mV 0C Model Hold 'clock1:clk|out'
Slack : 0.455
TNS   : 0.000

Type  : Slow 1100mV 0C Model Minimum Pulse Width 'clock1:clk|out'
Slack : -0.476
TNS   : -1490.247

Type  : Slow 1100mV 0C Model Minimum Pulse Width 'CLOCK_50'
Slack : -0.420
TNS   : -5.294

Type  : Fast 1100mV 85C Model Setup 'CLOCK_50'
Slack : -2.891
TNS   : -3.546

Type  : Fast 1100mV 85C Model Setup 'clock1:clk|out'
Slack : -2.791
TNS   : -4419.120

Type  : Fast 1100mV 85C Model Hold 'clock1:clk|out'
Slack : 0.160
TNS   : 0.000

Type  : Fast 1100mV 85C Model Hold 'CLOCK_50'
Slack : 0.216
TNS   : 0.000

Type  : Fast 1100mV 85C Model Minimum Pulse Width 'CLOCK_50'
Slack : -0.435
TNS   : -1.204

Type  : Fast 1100mV 85C Model Minimum Pulse Width 'clock1:clk|out'
Slack : -0.246
TNS   : -209.932

Type  : Fast 1100mV 0C Model Setup 'clock1:clk|out'
Slack : -2.435
TNS   : -3888.360

Type  : Fast 1100mV 0C Model Setup 'CLOCK_50'
Slack : -2.421
TNS   : -2.940

Type  : Fast 1100mV 0C Model Hold 'clock1:clk|out'
Slack : 0.147
TNS   : 0.000

Type  : Fast 1100mV 0C Model Hold 'CLOCK_50'
Slack : 0.201
TNS   : 0.000

Type  : Fast 1100mV 0C Model Minimum Pulse Width 'CLOCK_50'
Slack : -0.435
TNS   : -1.214

Type  : Fast 1100mV 0C Model Minimum Pulse Width 'clock1:clk|out'
Slack : -0.150
TNS   : -110.268

------------------------------------------------------------
